LoadBatchKey         LoadStatus           RowsRead             RowsAccepted         RowsRejected         StartedAt                   CompletedAt                 ErrorMessage
-------------------- -------------------- -------------------- -------------------- -------------------- --------------------------- --------------------------- ----------------------------------------------------------------------------------------------------------------------------------------------------------------------------------------------------------------------------------------------------------------
20                   SILVER_VALIDATED     21500                21500                0                    2026-08-21 15:52:50.028     NULL                        NULL

SourceID ExpectedRows         LoadFileKey          FileName                                                                                                                                                                                                                                                         ActualRowCount       AcceptedRowCount     RejectedRowCount     LoadStatus
-------- -------------------- -------------------- ---------------------------------------------------------------------------------------------------------------------------------------------------------------------------------------------------------------------------------------------------------------- -------------------- -------------------- -------------------- --------------------
01       30                   105                  01_roads.geojson                                                                                                                                                                                                                                                 30                   30                   0                    COMPLETED
02       20                   102                  02_parking_locations.csv                                                                                                                                                                                                                                         20                   20                   0                    COMPLETED
03       18                   103                  03_parking_restrictions.csv                                                                                                                                                                                                                                      18                   18                   0                    COMPLETED
04       50                   106                  04_poi.geojson                                                                                                                                                                                                                                                   50                   50                   0                    COMPLETED
05       30                   104                  05_road_survey.csv                                                                                                                                                                                                                                               30                   30                   0                    COMPLETED
06       16884                107                  06_traffic_events.jsonl                                                                                                                                                                                                                                          16884                16884                0                    COMPLETED
07       4300                 108                  07_parking_events.jsonl                                                                                                                                                                                                                                          4300                 4300                 0                    COMPLETED
08       168                  109                  08_weather_events.jsonl                                                                                                                                                                                                                                          168                  168                  0                    COMPLETED

ObjectName                                                                                                                       ExpectedSourceID LoadFileKey          LoadBatchKey         ActualSourceID FactRows             LineageStatus
-------------------------------------------------------------------------------------------------------------------------------- ---------------- -------------------- -------------------- -------------- -------------------- -------------
FactParkingCapacitySnapshot                                                                                                      02               102                  20                   02             20                   PASS
FactParkingEvent                                                                                                                 07               108                  20                   07             4283                 PASS
FactRoadSurveySnapshot                                                                                                           05               104                  20                   05             30                   PASS
FactTrafficObservation                                                                                                           06               107                  20                   06             16800                PASS
FactWeatherHourly                                                                                                                08               109                  20                   08             168                  PASS

CheckOrder  CheckScope                     CheckName                                                                                                                                                                                                ActualValue                                                                                                                                                                                              ExpectedValue                                                                                                                                                                                            GateStatus Details
----------- ------------------------------ -------------------------------------------------------------------------------------------------------------------------------------------------------------------------------------------------------- -------------------------------------------------------------------------------------------------------------------------------------------------------------------------------------------------------- -------------------------------------------------------------------------------------------------------------------------------------------------------------------------------------------------------- ---------- ----------------------------------------------------------------------------------------------------------------------------------------------------------------------------------------------------------------------------------------------------------------
1           AUDIT                          Batch state and row totals                                                                                                                                                                               SILVER_VALIDATED/21500/21500/0                                                                                                                                                                           SILVER_VALIDATED or COMPLETED / 21500 / 21500 / 0                                                                                                                                                        PASS       Batch must remain an accepted source for the fixed AWS baseline.
2           AUDIT                          LoadStatus and CompletedAt lifecycle consistency                                                                                                                                                         SILVER_VALIDATED/NULL                                                                                                                                                                                    COMPLETED/non-NULL or non-COMPLETED/NULL                                                                                                                                                                 PASS       A warning does not invalidate data counts, but the SQL/SSIS audit lifecycle must be reconciled before declaring that pipeline complete.
3           AUDIT                          Eight source files accepted exactly once                                                                                                                                                                 0                                                                                                                                                                                                        0                                                                                                                                                                                                        PASS       Each source 01..08 must be COMPLETED with exact expected/actual/accepted counts and zero rejected rows.
4           DWH_COUNT                      DimDate                                                                                                                                                                                                  7                                                                                                                                                                                                        7                                                                                                                                                                                                        PASS       Current-row count is used for SCD2 dimensions.
5           DWH_COUNT                      DimTime                                                                                                                                                                                                  1440                                                                                                                                                                                                     1440                                                                                                                                                                                                     PASS       Current-row count is used for SCD2 dimensions.
6           DWH_COUNT                      DimCity                                                                                                                                                                                                  1                                                                                                                                                                                                        1                                                                                                                                                                                                        PASS       Current-row count is used for SCD2 dimensions.
7           DWH_COUNT                      DimRoadSide                                                                                                                                                                                              5                                                                                                                                                                                                        5                                                                                                                                                                                                        PASS       Current-row count is used for SCD2 dimensions.
8           DWH_COUNT                      DimVehicleType                                                                                                                                                                                           5                                                                                                                                                                                                        5                                                                                                                                                                                                        PASS       Current-row count is used for SCD2 dimensions.
9           DWH_COUNT                      DimPOICategory                                                                                                                                                                                           18                                                                                                                                                                                                       18                                                                                                                                                                                                       PASS       Current-row count is used for SCD2 dimensions.
10          DWH_COUNT                      DimWeatherSource                                                                                                                                                                                         1                                                                                                                                                                                                        1                                                                                                                                                                                                        PASS       Current-row count is used for SCD2 dimensions.
11          DWH_COUNT                      DimAnalysisZone                                                                                                                                                                                          10                                                                                                                                                                                                       10                                                                                                                                                                                                       PASS       Current-row count is used for SCD2 dimensions.
12          DWH_COUNT                      DimRoad current                                                                                                                                                                                          30                                                                                                                                                                                                       30                                                                                                                                                                                                       PASS       Current-row count is used for SCD2 dimensions.
13          DWH_COUNT                      DimParkingFacility current                                                                                                                                                                               20                                                                                                                                                                                                       20                                                                                                                                                                                                       PASS       Current-row count is used for SCD2 dimensions.
14          DWH_COUNT                      DimPOI current                                                                                                                                                                                           50                                                                                                                                                                                                       50                                                                                                                                                                                                       PASS       Current-row count is used for SCD2 dimensions.
15          DWH_COUNT                      DimRoadSegment current                                                                                                                                                                                   30                                                                                                                                                                                                       30                                                                                                                                                                                                       PASS       Current-row count is used for SCD2 dimensions.
16          DWH_COUNT                      DimParkingRestriction current                                                                                                                                                                            18                                                                                                                                                                                                       18                                                                                                                                                                                                       PASS       Current-row count is used for SCD2 dimensions.
17          DWH_COUNT                      DimCamera current                                                                                                                                                                                        25                                                                                                                                                                                                       25                                                                                                                                                                                                       PASS       Current-row count is used for SCD2 dimensions.
18          DWH_COUNT                      FactParkingCapacitySnapshot                                                                                                                                                                              20                                                                                                                                                                                                       20                                                                                                                                                                                                       PASS       Atomic Fact count from the SQL Server DWH.
19          DWH_COUNT                      FactRoadSurveySnapshot                                                                                                                                                                                   30                                                                                                                                                                                                       30                                                                                                                                                                                                       PASS       Atomic Fact count from the SQL Server DWH.
20          DWH_COUNT                      FactWeatherHourly                                                                                                                                                                                        168                                                                                                                                                                                                      168                                                                                                                                                                                                      PASS       Atomic Fact count from the SQL Server DWH.
21          DWH_COUNT                      FactTrafficObservation                                                                                                                                                                                   16800                                                                                                                                                                                                    16800                                                                                                                                                                                                    PASS       Atomic Fact count from the SQL Server DWH.
22          DWH_COUNT                      FactParkingEvent                                                                                                                                                                                         4283                                                                                                                                                                                                     4283                                                                                                                                                                                                     PASS       Atomic Fact count from the SQL Server DWH.
23          LINEAGE                        Fact LoadFileKey provenance                                                                                                                                                                              0                                                                                                                                                                                                        0                                                                                                                                                                                                        PASS       Every Fact row must trace to the expected source file in LoadBatchKey 20.
24          INTEGRITY                      Duplicate Fact grains                                                                                                                                                                                    0                                                                                                                                                                                                        0                                                                                                                                                                                                        PASS       Checks the five documented atomic grains.
25          INTEGRITY                      Fact foreign-key orphans                                                                                                                                                                                 0                                                                                                                                                                                                        0                                                                                                                                                                                                        PASS       Optional keys are checked only when populated.
26          KPI                            Traffic vehicle volume                                                                                                                                                                                   6596879                                                                                                                                                                                                  6596879                                                                                                                                                                                                  PASS       NULL
27          KPI                            Traffic speed missing                                                                                                                                                                                    161                                                                                                                                                                                                      161                                                                                                                                                                                                      PASS       NULL
28          KPI                            Traffic vehicle mix warning                                                                                                                                                                              3838                                                                                                                                                                                                     3838                                                                                                                                                                                                     PASS       NULL
29          KPI                            Traffic parking-count warning                                                                                                                                                                            781                                                                                                                                                                                                      781                                                                                                                                                                                                      PASS       NULL
30          KPI                            Illegal parking events                                                                                                                                                                                   1571                                                                                                                                                                                                     1571                                                                                                                                                                                                     PASS       NULL
31          KPI                            Open parking events                                                                                                                                                                                      64                                                                                                                                                                                                       64                                                                                                                                                                                                       PASS       NULL
32          KPI                            Illegal parking without restriction                                                                                                                                                                      607                                                                                                                                                                                                      607                                                                                                                                                                                                      PASS       NULL
33          KPI                            Total/reference parking capacity                                                                                                                                                                         2267/397                                                                                                                                                                                                 2267/397                                                                                                                                                                                                 PASS       NULL
34          KPI                            Total rain/rainy hours                                                                                                                                                                                   47.50/11                                                                                                                                                                                                 47.50/11                                                                                                                                                                                                 PASS       NULL
35          KPI                            Road width imputed                                                                                                                                                                                       3                                                                                                                                                                                                        3                                                                                                                                                                                                        PASS       NULL

LoadBatchKey         TotalFactRows        FailureCount WarningCount AwsBaselineStatus Decision
-------------------- -------------------- ------------ ------------ ----------------- --------------------------------------------------
20                   21301                0            0            PASS              ADOPT_AS_AWS_BASELINE


Completion time: 2026-08-27T01:03:22.3152093+00:00
